=========================================
Starting Dynamic iFogSim Simulation...
Algorithm: Hybrid
=========================================
Federated Learning initialized for 2 fog nodes
Creating storageModule on device cloud
Creating processingModule on device fog-node-1
0.0 Submitted application dynamic_app
57.714285714285715 62.0 62.714285714285715 67.0 67.71428571428571 72.0 72.71428571428571 77.0 77.71428571428571 82.0 82.71428571428571 87.0 87.71428571428571 92.0 92.71428571428571 97.0 97.71428571428571 102.0 102.71428571428571 107.0 107.71428571428571 112.0 112.71428571428571 117.0 117.71428571428571 122.0 122.71428571428571 127.0 127.71428571428571 132.0 132.71428571428572 137.0 137.71428571428572 142.0 142.71428571428572 147.0 147.71428571428572 152.0 152.71428571428572 157.0 157.71428571428572 162.0 162.71428571428572 167.0 167.71428571428572 172.0 172.71428571428572 177.0 177.71428571428572 182.0 182.71428571428572 187.0 187.71428571428572 192.0 192.71428571428572 197.0 197.71428571428572 202.0 202.71428571428572 207.0 207.71428571428572 212.0 212.71428571428572 217.0 217.71428571428572 222.0 222.71428571428572 227.0 227.71428571428572 232.0 232.71428571428572 237.0 237.71428571428572 242.0 242.71428571428572 247.0 247.71428571428572 252.0 252.71428571428572 257.0 257.7142857142857 262.0 262.7142857142857 267.0 267.7142857142857 272.0 272.7142857142857 277.0 277.7142857142857 282.0 282.7142857142857 287.0 287.7142857142857 292.0 292.7142857142857 297.0 297.7142857142857 302.0 302.7142857142857 307.0 307.7142857142857 312.0 312.7142857142857 317.0 317.7142857142857 322.0 322.7142857142857 327.0 327.7142857142857 332.0 332.7142857142857 337.0 337.7142857142857 342.0 342.7142857142857 347.0 347.7142857142857 352.0 352.7142857142857 357.0 357.7142857142857 362.0 362.7142857142857 367.0 367.7142857142857 372.0 372.7142857142857 377.0 377.7142857142857 382.0 382.7142857142857 387.0 387.7142857142857 392.0 392.7142857142857 397.0 397.7142857142857 402.0 402.7142857142857 407.0 407.7142857142857 412.0 412.7142857142857 417.0 417.7142857142857 422.0 422.7142857142857 427.0 427.7142857142857 432.0 432.7142857142857 437.0 437.7142857142857 442.0 442.7142857142857 447.0 447.7142857142857 452.0 452.7142857142857 457.0 457.7142857142857 462.0 462.7142857142857 467.0 467.7142857142857 472.0 472.7142857142857 477.0 477.7142857142857 482.0 482.7142857142857 487.0 487.7142857142857 492.0 492.7142857142857 497.0 497.7142857142857 502.0 502.7142857142857 507.0 507.7142857142857 512.0 512.7142857142857 517.0 517.7142857142857 522.0 522.7142857142857 527.0 527.7142857142857 532.0 532.7142857142857 537.0 537.7142857142857 542.0 542.7142857142857 547.0 547.7142857142857 552.0 552.7142857142857 557.0 557.7142857142857 562.0 562.7142857142857 567.0 567.7142857142857 572.0 572.7142857142857 577.0 577.7142857142857 582.0 582.7142857142857 587.0 587.7142857142857 592.0 592.7142857142857 597.0 597.7142857142857 602.0 602.7142857142857 607.0 607.7142857142857 612.0 612.7142857142857 617.0 617.7142857142857 622.0 622.7142857142857 627.0 627.7142857142857 632.0 632.7142857142857 637.0 637.7142857142857 642.0 642.7142857142857 647.0 647.7142857142857 652.0 652.7142857142857 657.0 657.7142857142857 662.0 662.7142857142857 667.0 667.7142857142857 672.0 672.7142857142857 677.0 677.7142857142857 682.0 682.7142857142857 687.0 687.7142857142857 692.0 692.7142857142857 697.0 697.7142857142857 702.0 702.7142857142857 707.0 707.7142857142857 712.0 712.7142857142857 717.0 717.7142857142857 722.0 722.7142857142857 727.0 727.7142857142857 732.0 732.7142857142857 737.0 737.7142857142857 742.0 742.7142857142857 747.0 747.7142857142857 752.0 752.7142857142857 757.0 757.7142857142857 762.0 762.7142857142857 767.0 767.7142857142857 772.0 772.7142857142857 777.0 777.7142857142857 782.0 782.7142857142857 787.0 787.7142857142857 792.0 792.7142857142857 797.0 797.7142857142857 802.0 802.7142857142857 807.0 807.7142857142857 812.0 812.7142857142857 817.0 817.7142857142857 822.0 822.7142857142857 827.0 827.7142857142857 832.0 832.7142857142857 837.0 837.7142857142857 842.0 842.7142857142857 847.0 847.7142857142857 852.0 852.7142857142857 857.0 857.7142857142857 862.0 862.7142857142857 867.0 867.7142857142857 872.0 872.7142857142857 877.0 877.7142857142857 882.0 882.7142857142857 887.0 887.7142857142857 892.0 892.7142857142857 897.0 897.7142857142857 902.0 902.7142857142857 907.0 907.7142857142857 912.0 912.7142857142857 917.0 917.7142857142857 922.0 922.7142857142857 927.0 927.7142857142857 932.0 932.7142857142857 937.0 937.7142857142857 942.0 942.7142857142857 947.0 947.7142857142857 952.0 952.7142857142857 957.0 957.7142857142857 962.0 962.7142857142857 967.0 967.7142857142857 972.0 972.7142857142857 977.0 977.7142857142857 982.0 982.7142857142857 987.0 987.7142857142857 992.0 992.7142857142857 997.0 997.7142857142857 1002.0 1002.7142857142857 1007.0 1007.7142857142857 1012.0 1012.7142857142857 1017.0 1017.7142857142857 1022.0 1022.7142857142857 1027.0 1027.7142857142858 1032.0 1032.7142857142858 1037.0 1037.7142857142858 1042.0 1042.7142857142858 1047.0 1047.7142857142858 1052.0 1052.7142857142858 1057.0 1057.7142857142858 1062.0 1062.7142857142858 1067.0 1067.7142857142858 1072.0 1072.7142857142858 1077.0 1077.7142857142858 1082.0 1082.7142857142858 1087.0 1087.7142857142858 1092.0 1092.7142857142858 1097.0 1097.7142857142858 1102.0 1102.7142857142858 1107.0 1107.7142857142858 1112.0 1112.7142857142858 1117.0 1117.7142857142858 1122.0 1122.7142857142858 1127.0 1127.7142857142858 1132.0 1132.7142857142858 1137.0 1137.7142857142858 1142.0 1142.7142857142858 1147.0 1147.7142857142858 1152.0 1152.7142857142858 1157.0 1157.7142857142858 1162.0 1162.7142857142858 1167.0 1167.7142857142858 1172.0 1172.7142857142858 1177.0 1177.7142857142858 1182.0 1182.7142857142858 1187.0 1187.7142857142858 1192.0 1192.7142857142858 1197.0 1197.7142857142858 1202.0 1202.7142857142858 1207.0 1207.7142857142858 1212.0 1212.7142857142858 1217.0 1217.7142857142858 1222.0 1222.7142857142858 1227.0 1227.7142857142858 1232.0 1232.7142857142858 1237.0 1237.7142857142858 1242.0 1242.7142857142858 1247.0 1247.7142857142858 1252.0 1252.7142857142858 1257.0 1257.7142857142858 1262.0 1262.7142857142858 1267.0 1267.7142857142858 1272.0 1272.7142857142858 1277.0 1277.7142857142858 1282.0 1282.7142857142858 1287.0 1287.7142857142858 1292.0 1292.7142857142858 1297.0 1297.7142857142858 1302.0 1302.7142857142858 1307.0 1307.7142857142858 1312.0 1312.7142857142858 1317.0 1317.7142857142858 1322.0 1322.7142857142858 1327.0 1327.7142857142858 1332.0 1332.7142857142858 1337.0 1337.7142857142858 1342.0 1342.7142857142858 1347.0 1347.7142857142858 1352.0 1352.7142857142858 1357.0 1357.7142857142858 1362.0 1362.7142857142858 1367.0 1367.7142857142858 1372.0 1372.7142857142858 1377.0 1377.7142857142858 1382.0 1382.7142857142858 1387.0 1387.7142857142858 1392.0 1392.7142857142858 1397.0 1397.7142857142858 1402.0 1402.7142857142858 1407.0 1407.7142857142858 1412.0 1412.7142857142858 1417.0 1417.7142857142858 1422.0 1422.7142857142858 1427.0 1427.7142857142858 1432.0 1432.7142857142858 1437.0 1437.7142857142858 1442.0 1442.7142857142858 1447.0 1447.7142857142858 1452.0 1452.7142857142858 1457.0 1457.7142857142858 1462.0 1462.7142857142858 1467.0 1467.7142857142858 1472.0 1472.7142857142858 1477.0 1477.7142857142858 1482.0 1482.7142857142858 1487.0 1487.7142857142858 1492.0 1492.7142857142858 1497.0 1497.7142857142858 1502.0 1502.7142857142858 1507.0 1507.7142857142858 1512.0 1512.7142857142858 1517.0 1517.7142857142858 1522.0 1522.7142857142858 1527.0 1527.7142857142858 1532.0 1532.7142857142858 1537.0 1537.7142857142858 1542.0 1542.7142857142858 1547.0 1547.7142857142858 1552.0 1552.7142857142858 1557.0 1557.7142857142858 1562.0 1562.7142857142858 1567.0 1567.7142857142858 1572.0 1572.7142857142858 1577.0 1577.7142857142858 1582.0 1582.7142857142858 1587.0 1587.7142857142858 1592.0 1592.7142857142858 1597.0 1597.7142857142858 1602.0 1602.7142857142858 1607.0 1607.7142857142858 1612.0 1612.7142857142858 1617.0 1617.7142857142858 1622.0 1622.7142857142858 1627.0 1627.7142857142858 1632.0 1632.7142857142858 1637.0 1637.7142857142858 1642.0 1642.7142857142858 1647.0 1647.7142857142858 1652.0 1652.7142857142858 1657.0 1657.7142857142858 1662.0 1662.7142857142858 1667.0 1667.7142857142858 1672.0 1672.7142857142858 1677.0 1677.7142857142858 1682.0 1682.7142857142858 1687.0 1687.7142857142858 1692.0 1692.7142857142858 1697.0 1697.7142857142858 1702.0 1702.7142857142858 1707.0 1707.7142857142858 1712.0 1712.7142857142858 1717.0 1717.7142857142858 1722.0 1722.7142857142858 1727.0 1727.7142857142858 1732.0 1732.7142857142858 1737.0 1737.7142857142858 1742.0 1742.7142857142858 1747.0 1747.7142857142858 1752.0 1752.7142857142858 1757.0 1757.7142857142858 1762.0 1762.7142857142858 1767.0 1767.7142857142858 1772.0 1772.7142857142858 1777.0 1777.7142857142858 1782.0 1782.7142857142858 1787.0 1787.7142857142858 1792.0 1792.7142857142858 1797.0 1797.7142857142858 1802.0 1802.7142857142858 1807.0 1807.7142857142858 1812.0 1812.7142857142858 1817.0 1817.7142857142858 1822.0 1822.7142857142858 1827.0 1827.7142857142858 1832.0 1832.7142857142858 1837.0 1837.7142857142858 1842.0 1842.7142857142858 1847.0 1847.7142857142858 1852.0 1852.7142857142858 1857.0 1857.7142857142858 1862.0 1862.7142857142858 1867.0 1867.7142857142858 1872.0 1872.7142857142858 1877.0 1877.7142857142858 1882.0 1882.7142857142858 1887.0 1887.7142857142858 1892.0 1892.7142857142858 1897.0 1897.7142857142858 1902.0 1902.7142857142858 1907.0 1907.7142857142858 1912.0 1912.7142857142858 1917.0 1917.7142857142858 1922.0 1922.7142857142858 1927.0 1927.7142857142858 1932.0 1932.7142857142858 1937.0 1937.7142857142858 1942.0 1942.7142857142858 1947.0 1947.7142857142858 1952.0 1952.7142857142858 1957.0 1957.7142857142858 1962.0 1962.7142857142858 1967.0 1967.7142857142858 1972.0 1972.7142857142858 1977.0 1977.7142857142858 1982.0 1982.7142857142858 1987.0 1987.7142857142858 1992.0 1992.7142857142858 1997.0 1997.7142857142858 =========================================
============== RESULTS ==================
=========================================
EXECUTION TIME : 1269
=========================================
APPLICATION LOOP DELAYS
=========================================
[SENSOR, processingModule, storageModule, processingModule, ACTUATOR] ---> null
=========================================
TUPLE CPU EXECUTION DELAY
=========================================
SENSOR ---> 0.7142857142857792
=========================================
cloud : Energy Consumed = 3235621.4285714286
fog-node-0 : Energy Consumed = 166866.59999999995
fog-node-1 : Energy Consumed = 174482.27299999952
Cost of execution in cloud = 810400.0
Total network usage = 4668.0
